// Jest Snapshot v1, https://goo.gl/fbAQLP

exports[`Merge attributes correctly in allOfs should generate correct schema: allof-properties-schema 1`] = `
"schema {
  query: Query
  mutation: Mutation
}

directive @discriminator(subgraph: String, field: String, mapping: ObjMap) on INTERFACE | UNION

directive @length(subgraph: String, min: Int, max: Int) on SCALAR

directive @globalOptions(subgraph: String, endpoint: String, operationHeaders: ObjMap, queryStringOptions: ObjMap, queryParams: ObjMap) on OBJECT

directive @httpOperation(subgraph: String, path: String, operationSpecificHeaders: ObjMap, httpMethod: HTTPMethod, isBinary: Boolean, requestBaseBody: ObjMap, queryParamArgMap: ObjMap, queryStringOptionsByParam: ObjMap) on FIELD_DEFINITION

type Admin implements User {
  "The name"
  name: query_getAdmin_allOf_0_name
  "The type"
  type: String!
  "The admin"
  admin: Boolean
}

interface User @discriminator(subgraph: "test", field: "type") {
  "The name"
  name: query_getAdmin_allOf_0_name
  "The type"
  type: String!
}

"The name"
scalar query_getAdmin_allOf_0_name @length(subgraph: "test", min: null, max: 100)

type Query @globalOptions(subgraph: "test") {
  "Get admin"
  getAdmin: Admin @httpOperation(subgraph: "test", path: "/admin", operationSpecificHeaders: "{\\"accept\\":\\"application/json\\"}", httpMethod: GET)
}

type Mutation {
  "Create users"
  createUsers: Void @httpOperation(subgraph: "test", path: "/create", httpMethod: POST)
}

"Represents empty values"
scalar Void

scalar ObjMap

enum HTTPMethod {
  GET
  HEAD
  POST
  PUT
  DELETE
  CONNECT
  OPTIONS
  TRACE
  PATCH
}"
`;
